C251 COMPILER V5.60.0,  zf_driver_exti                                                     19/05/26  19:24:57  PAGE 1   


C251 COMPILER V5.60.0, COMPILATION OF MODULE zf_driver_exti
OBJECT MODULE PLACED IN .\out_file\zf_driver_exti.obj
COMPILER INVOKED BY: E:\keil_v5\C251\BIN\C251.EXE ..\..\libraries\zf_driver\zf_driver_exti.c LARGE NOALIAS WARNINGLEVEL(
                    -0) OPTIMIZE(0,SIZE) BROWSE INCDIR(..\..\libraries\zf_common;..\..\libraries\zf_components;..\..\libraries\zf_device;..\.
                    -.\libraries\zf_driver;..\user;..\code) DEBUG PRINT(.\out_file\zf_driver_exti.lst) OBJECT(.\out_file\zf_driver_exti.obj) 

stmt  level    source

    1          #include "zf_driver_exti.h"
    2          
    3          //-------------------------------------------------------------------------------------------------------
             -------------
    4          //  函数简介      失能全部 EXTI 中断
    5          //  返回参数      void
    6          //  使用示例      exti_all_close();
    7          //-------------------------------------------------------------------------------------------------------
             -------------
    8          void exti_all_close (void)
    9          {
   10   1              EX0 = 0;
   11   1              EX1 = 0;
   12   1              EX2 = 0;
   13   1              EX3 = 0;
   14   1              EX4 = 0;
   15   1      }
   16          
   17          //-------------------------------------------------------------------------------------------------------
             -------------
   18          // 函数简介     EXTI 中断使能
   19          // 参数说明     pin             选择 EXTI 引脚 (可选择范围由 zf_driver_exti.h 内 exti_pin_enum 枚举值确定
             -)
   20          // 返回参数     void
   21          // 使用示例     exti_enable(INT0_P32);
   22          // 备注信息
   23          //-------------------------------------------------------------------------------------------------------
             -------------
   24          void exti_enable (exti_pin_enum eru_pin)
   25          {
   26   1              switch(eru_pin)
   27   1              {
   28   2                      case INT0_P32: EX0 = 1; break;
   29   2                      
   30   2                      case INT1_P33: EX1 = 1; break;
   31   2                      
   32   2                      case INT2_P36: EX2 = 1; break;
   33   2                      
   34   2                      case INT3_P37: EX3 = 1; break;
   35   2                      
   36   2                      case INT4_P30: EX4 = 1; break;
   37   2                      
   38   2                      default: break;
   39   2              }
   40   1      }
   41          
   42          //-------------------------------------------------------------------------------------------------------
             -------------
   43          // 函数简介     EXTI 中断失能
   44          // 参数说明     pin             选择 EXTI 引脚 (可选择范围由 zf_driver_exti.h 内 exti_pin_enum 枚举值确定
             -)
   45          // 返回参数     void
   46          // 使用示例     exti_disable(INT0_P32);
   47          // 备注信息
   48          //-------------------------------------------------------------------------------------------------------
             -------------
   49          void exti_disable (exti_pin_enum eru_pin)
C251 COMPILER V5.60.0,  zf_driver_exti                                                     19/05/26  19:24:57  PAGE 2   

   50          {
   51   1              switch(eru_pin)
   52   1              {
   53   2                      case INT0_P32: EX0 = 0; break;
   54   2                      
   55   2                      case INT1_P33: EX1 = 0; break;
   56   2                      
   57   2                      case INT2_P36: EX2 = 0; break;
   58   2                      
   59   2                      case INT3_P37: EX3 = 0; break;
   60   2                      
   61   2                      case INT4_P30: EX4 = 0; break;
   62   2                      
   63   2                      default: break;
   64   2              }
   65   1      }
   66          
   67          //-------------------------------------------------------------------------------------------------------
             -------------
   68          //  函数简介      EXTI 中断初始化
   69          //  参数说明      eru_pin         选择 EXTI 引脚 (可选择范围由 zf_driver_exti.h 内 exti_pin_enum 枚举值确
             -定)
   70          //  参数说明      trigger         设置触发方式
   71          //  返回参数      void
   72          //  使用示例      exti_init(INT0_P32, EXTI_TRIGGER_BOTH);  //初始化P32 作为外部中断引脚，双边沿触发。
   73          //  备注信息
   74          //-------------------------------------------------------------------------------------------------------
             -------------
   75          void exti_init (exti_pin_enum eru_pin, exti_trigger_enum trigger)
   76          {
   77   1              gpio_init( eru_pin & 0XFF, GPIO, 1, GPIO_NO_PULL);
   78   1              
   79   1              // 配置触发方式（仅INT0/INT1可配置）
   80   1              switch(eru_pin)
   81   1          {
   82   2              case INT0_P32: 
   83   2                              IT0 = trigger;
   84   2                              break;
   85   2                      
   86   2              case INT1_P33: 
   87   2                              IT1 = trigger;
   88   2                              break;
   89   2                      
   90   2              case INT2_P36: 
   91   2                               // 仅下降沿触发，无需配置
   92   2                              break;
   93   2                      
   94   2              case INT3_P37: 
   95   2                               // 仅下降沿触发，无需配置
   96   2                              break;
   97   2                      
   98   2              case INT4_P30: 
   99   2                               // 仅下降沿触发，无需配置
  100   2                              break;
  101   2                      
  102   2              default: break;
  103   2          }
  104   1      
  105   1              exti_enable(eru_pin);   // 中断使能
  106   1      }
  107          


Module Information          Static   Overlayable
------------------------------------------------
  code size            =       248     ------
  ecode size           =    ------     ------
C251 COMPILER V5.60.0,  zf_driver_exti                                                     19/05/26  19:24:57  PAGE 3   

  data size            =    ------     ------
  idata size           =    ------     ------
  pdata size           =    ------     ------
  xdata size           =         8     ------
  xdata-const size     =    ------     ------
  edata size           =    ------     ------
  bit size             =    ------     ------
  ebit size            =    ------     ------
  bitaddressable size  =    ------     ------
  ebitaddressable size =    ------     ------
  far data size        =    ------     ------
  huge data size       =    ------     ------
  const size           =    ------     ------
  hconst size          =    ------     ------
End of Module Information.


C251 COMPILATION COMPLETE.  0 WARNING(S),  0 ERROR(S)
