C251 COMPILER V5.60.0,  element                                                            01/05/26  20:17:02  PAGE 1   


C251 COMPILER V5.60.0, COMPILATION OF MODULE element
OBJECT MODULE PLACED IN .\out_file\element.obj
COMPILER INVOKED BY: D:\Keil_v5\C251\BIN\C251.EXE element.c LARGE NOALIAS WARNINGLEVEL(0) OPTIMIZE(0,SIZE) BROWSE INCDIR
                    -(..\..\libraries\zf_common;..\..\libraries\zf_components;..\..\libraries\zf_device;..\..\libraries\zf_driver;..\user;..\
                    -code) DEBUG PRINT(.\out_file\element.lst) OBJECT(.\out_file\element.obj) 

stmt  level    source

    1          #include "element.h"
    2          #include "imu.h"
    3          #include <math.h>
    4          
    5          // 状态与偏差全局定义
    6          TrackState_e TrackState = NORMAL;
    7          
    8          // 核心阈值定义
    9          #define THRES_CROSS 800
   10          #define THRES_ROUND 1200
   11          #define PITCH_RAMP 12.0
   12          #define PITCH_SEE 6.0
   13          #define ROLL_ROLLER 15.0
   14          #define WALL_SUM_LOW 200
   15          
   16          extern float Nowangel = 0.0f;
   17          // 注意这里：把 int16_t 改成了 int16
   18          void Element_Control(int16 *param)
   19          {
   20   1          switch (TrackState)
   21   1          {
   22   2                      case NORMAL:
   23   2                              // --- 环岛判定：单侧远端电感激增 ---
   24   2                              if (((param[1] > 38) && (param[4] > 60) && (param[1] + param[4]>=100)) || ((param[4] > (30 + param[1])
             -)))
   25   2                              {
   26   3                                      TrackState = ROUNDAPPROCH;      
   27   3                                      Nowangel = Daty_Z;                                                      
   28   3                              }
   29   2                              break;
   30   2                      case ROUNDAPPROCH:
   31   2                              if ((Nowangel - Daty_Z)>=40)
   32   2                              {
   33   3                                      TrackState = ROUNDIN;
   34   3      //                              Send_Data_To_PC();
   35   3                              }
   36   2                              break;
   37   2                      case ROUNDIN:
   38   2                              if ((Nowangel - Daty_Z)>=310)
   39   2                              {
   40   3                                      TrackState = ROUNDOUT;
   41   3      //                              Send_Data_To_PC();
   42   3                              }
   43   2                              break;
   44   2      //              case ROUNDOUT:
   45   2      //                      if (My_abs(Daty_Z - Nowangel)<5)
   46   2      //                      {
   47   2      //                              TrackState = NORMAL;
   48   2      ////                            Send_Data_To_PC();
   49   2      //                      }
   50   2      //                      break;
   51   2          }
   52   1              Send_Data_To_PC();
   53   1      }


Module Information          Static   Overlayable
------------------------------------------------
C251 COMPILER V5.60.0,  element                                                            01/05/26  20:17:02  PAGE 2   

  code size            =       297     ------
  ecode size           =    ------     ------
  data size            =    ------     ------
  idata size           =    ------     ------
  pdata size           =    ------     ------
  xdata size           =        10     ------
  xdata-const size     =    ------     ------
  edata size           =    ------     ------
  bit size             =    ------     ------
  ebit size            =    ------     ------
  bitaddressable size  =    ------     ------
  ebitaddressable size =    ------     ------
  far data size        =    ------     ------
  huge data size       =    ------     ------
  const size           =    ------     ------
  hconst size          =        16     ------
End of Module Information.


C251 COMPILATION COMPLETE.  0 WARNING(S),  0 ERROR(S)
