C251 COMPILER V5.60.0,  element                                                            27/04/26  13:29:20  PAGE 1   


C251 COMPILER V5.60.0, COMPILATION OF MODULE element
OBJECT MODULE PLACED IN .\out_file\element.obj
COMPILER INVOKED BY: D:\Keil_v5\C251\BIN\C251.EXE element.c LARGE NOALIAS WARNINGLEVEL(0) OPTIMIZE(0,SIZE) BROWSE INCDIR
                    -(..\..\libraries\zf_common;..\..\libraries\zf_components;..\..\libraries\zf_device;..\..\libraries\zf_driver;..\user;..\
                    -code) DEBUG PRINT(.\out_file\element.lst) OBJECT(.\out_file\element.obj) 

stmt  level    source

    1          #include "element.h"
    2          #include "imu.h"
    3          #include <math.h>
    4          
    5          // 状态与偏差全局定义
    6          TrackState_e TrackState = NORMAL;
    7          
    8          // 核心阈值定义
    9          #define THRES_CROSS 800
   10          #define THRES_ROUND 1200
   11          #define PITCH_RAMP 12.0
   12          #define PITCH_SEE 6.0
   13          #define ROLL_ROLLER 15.0
   14          #define WALL_SUM_LOW 200
   15          
   16          // 注意这里：把 int16_t 改成了 int16
   17          void Element_Control(int16 *param)
   18          {
   19   1          // 注意这里：把 int32_t 改成了 int32
   20   1          int32 total_sum = param[0] + param[1] + param[2] + param[3];
   21   1      
   22   1          switch (TrackState)
   23   1          {
   24   2          case NORMAL:
   25   2              // --- 滚筒判定：依据 Roll 角 ---
   26   2              if (fabs(first_complement.angle.roll) > ROLL_ROLLER)
   27   2              {
   28   3                  TrackState = ROLLER;
   29   3              }
   30   2              // --- 竖直墙面判定：电感集体失灵，但姿态平稳 ---
   31   2              else if (total_sum < WALL_SUM_LOW && fabs(first_complement.angle.pitch) < 3.0)
   32   2              {
   33   3                  TrackState = WALL;
   34   3              }
   35   2              // --- 坡道与跷跷板判定：依据 Pitch 角 ---
   36   2              else if (first_complement.angle.pitch > PITCH_SEE)
   37   2              {
   38   3                  if (first_complement.angle.pitch > PITCH_RAMP)
   39   3                      TrackState = RAMP;
   40   3                  else
   41   3                      TrackState = SEESAW;
   42   3              }
   43   2              // --- 环岛判定：单侧远端电感激增 ---
   44   2              else if (param[0] > THRES_ROUND || param[3] > THRES_ROUND)
   45   2              {
   46   3                  TrackState = ROUNDABOUT;
   47   3              }
   48   2              // --- 十字判定：两侧远端电感同时激增 ---
   49   2              else if (param[0] > THRES_CROSS && param[3] > THRES_CROSS)
   50   2              {
   51   3                  TrackState = CROSS;
   52   3              }
   53   2              break;
   54   2      
   55   2          case WALL:
   56   2              if (total_sum > 400)
   57   2                  TrackState = NORMAL;
C251 COMPILER V5.60.0,  element                                                            27/04/26  13:29:20  PAGE 2   

   58   2              break;
   59   2      
   60   2          case ROLLER:
   61   2              if (fabs(first_complement.angle.roll) < 5.0)
   62   2                  TrackState = NORMAL;
   63   2              break;
   64   2      
   65   2          case SEESAW:
   66   2              if (first_complement.angle.pitch < -2.0)
   67   2                  TrackState = NORMAL;
   68   2              break;
   69   2      
   70   2          case ROUNDABOUT:
   71   2              if (param[0] < 300 && param[3] < 300)
   72   2                  TrackState = NORMAL;
   73   2              break;
   74   2      
   75   2          case CROSS:
   76   2              if (param[0] < THRES_CROSS && param[3] < THRES_CROSS)
   77   2                  TrackState = NORMAL;
   78   2              break;
   79   2          }
   80   1      }


Module Information          Static   Overlayable
------------------------------------------------
  code size            =       644     ------
  ecode size           =    ------     ------
  data size            =    ------     ------
  idata size           =    ------     ------
  pdata size           =    ------     ------
  xdata size           =        10     ------
  xdata-const size     =    ------     ------
  edata size           =    ------     ------
  bit size             =    ------     ------
  ebit size            =    ------     ------
  bitaddressable size  =    ------     ------
  ebitaddressable size =    ------     ------
  far data size        =    ------     ------
  huge data size       =    ------     ------
  const size           =    ------     ------
  hconst size          =         7     ------
End of Module Information.


C251 COMPILATION COMPLETE.  0 WARNING(S),  0 ERROR(S)
