C251 COMPILER V5.60.0,  element                                                            19/05/26  21:04:09  PAGE 1   


C251 COMPILER V5.60.0, COMPILATION OF MODULE element
OBJECT MODULE PLACED IN .\out_file\element.obj
COMPILER INVOKED BY: E:\keil_v5\C251\BIN\C251.EXE element.c LARGE NOALIAS WARNINGLEVEL(0) OPTIMIZE(0,SIZE) BROWSE INCDIR
                    -(..\..\libraries\zf_common;..\..\libraries\zf_components;..\..\libraries\zf_device;..\..\libraries\zf_driver;..\user;..\
                    -code) DEBUG PRINT(.\out_file\element.lst) OBJECT(.\out_file\element.obj) 

stmt  level    source

    1          #include "element.h"
    2          #include "imu.h"
    3          
    4          TrackState_e TrackState = NORMAL;
    5          uint8 times = 0;
    6          
    7          float Nowangel = 0;
    8          uint8 dur_time = 0;
    9          uint8 ring_dir = 0;
   10          float ang_diff = 0;
   11          /* 赛道元素状态机：根据电感与陀螺角度切换 NORMAL / 环岛各阶段 */
   12          void Element_Control(uint16 *param)
   13          {
   14   1          switch (TrackState)
   15   1          {
   16   2              case NORMAL:
   17   2      
   18   2                      if ((param[3] >= 6) && (param[3] <= 20) && (param[4] >= 40) && (param[2] <= 25) && first_complement.ang
             -le.pitch <=30)
   19   2                  {
   20   3                                      times++;
   21   3                                      if(times >= 2)
   22   3                                      {
   23   4                                              TrackState = RIGHT_ROUNDAPPROCH;
   24   4                                              times = 0;
   25   4                                      }
   26   3      
   27   3                  }
   28   2      
   29   2                      else if ((param[2] >= 6) &&(param[2] <= 20)&& (param[1] >= 40) && (param[3] <= 25) && first_complement.
             -angle.pitch <=30)
   30   2                  {
   31   3                                      times++;
   32   3                                      if(times >= 2)
   33   3                                      {
   34   4                                              TrackState = LEFT_ROUNDAPPROCH;
   35   4                                              times = 0;
   36   4                                      }
   37   3                  }
   38   2                  break;
   39   2      
   40   2                      case RIGHT_ROUNDAPPROCH:
   41   2                              dur_time++;
   42   2                              if((param[4] >=45) && (param[3] >= 35))
   43   2                              {
   44   3                                      times++;
   45   3                                      if(times >=2)
   46   3                                      {
   47   4                                              TrackState = RIGHT_ROUND;
   48   4                                              Nowangel = Daty_Z;
   49   4                                              times = 0;
   50   4                                              ring_dir = 1;
   51   4                                      }
   52   3                              }
   53   2                              if(dur_time >= 120){TrackState = NORMAL;dur_time = 0;}
   54   2                              break;
   55   2      
C251 COMPILER V5.60.0,  element                                                            19/05/26  21:04:09  PAGE 2   

   56   2                      case LEFT_ROUNDAPPROCH:
   57   2                              dur_time++;
   58   2                  if((param[1] >= 45) && param[2] >= 35)
   59   2                              {
   60   3                                      times++;
   61   3                                      if(times >=2)
   62   3                                      {
   63   4                                              TrackState = LEFT_ROUND;
   64   4                                              Nowangel = Daty_Z;
   65   4                                              times = 0;
   66   4                                              ring_dir = 2;
   67   4                                      }
   68   3                              }
   69   2                              if(dur_time >= 120){TrackState = NORMAL;dur_time = 0;}
   70   2                              break;
   71   2                      case LEFT_ROUND:
   72   2                      case RIGHT_ROUND:
   73   2                              dur_time = 0;
   74   2                  {
   75   3                      float ang_diff = Nowangel - Daty_Z;
   76   3                      if (ang_diff < 0) ang_diff = -ang_diff;
   77   3                      if (ang_diff >= 35) TrackState = ROUNDIN;
   78   3                  }
   79   2                  break;
   80   2      
   81   2              case ROUNDIN:
   82   2      
   83   2                  {
   84   3                      ang_diff = Nowangel - Daty_Z;
   85   3                      if (ang_diff < 0) ang_diff = -ang_diff;
   86   3                      if (ang_diff >= 290)
   87   3                      {
   88   4                          TrackState = ROUNDOUT;
   89   4                          Nowangel = Daty_Z;
   90   4                      }
   91   3                  }
   92   2                  break;
   93   2      
   94   2              case ROUNDOUT:
   95   2                              ang_diff = Nowangel - Daty_Z;
   96   2                  if (ang_diff < 0) ang_diff = -ang_diff;
   97   2                              Distance_Add();
   98   2                  if (distance >= 20000 || ang_diff >= 25)
   99   2                  {
  100   3                      TrackState = NORMAL;
  101   3                                      ring_dir = 0;
  102   3                                      distance = 0;
  103   3                  }
  104   2                  break;
  105   2          }
  106   1      }


Module Information          Static   Overlayable
------------------------------------------------
  code size            =      1099     ------
  ecode size           =    ------     ------
  data size            =    ------     ------
  idata size           =    ------     ------
  pdata size           =    ------     ------
  xdata size           =        21     ------
  xdata-const size     =    ------     ------
  edata size           =    ------     ------
  bit size             =    ------     ------
  ebit size            =    ------     ------
  bitaddressable size  =    ------     ------
  ebitaddressable size =    ------     ------
C251 COMPILER V5.60.0,  element                                                            19/05/26  21:04:09  PAGE 3   

  far data size        =    ------     ------
  huge data size       =    ------     ------
  const size           =    ------     ------
  hconst size          =        43     ------
End of Module Information.


C251 COMPILATION COMPLETE.  0 WARNING(S),  0 ERROR(S)
