C251 COMPILER V5.60.0,  main                                                               02/04/26  14:46:26  PAGE 1   


C251 COMPILER V5.60.0, COMPILATION OF MODULE main
OBJECT MODULE PLACED IN .\out_file\main.obj
COMPILER INVOKED BY: D:\Keil_v5\C251\BIN\C251.EXE ..\user\main.c LARGE NOALIAS WARNINGLEVEL(0) OPTIMIZE(0,SIZE) BROWSE I
                    -NCDIR(..\..\libraries\zf_common;..\..\libraries\zf_components;..\..\libraries\zf_device;..\..\libraries\zf_driver;..\use
                    -r;..\code) DEBUG PRINT(.\out_file\main.lst) OBJECT(.\out_file\main.obj) 

stmt  level    source

    1          #include "zf_common_headfile.h"
    2          #define TEMP_BUFFER_SIZE 64
    3          static uint8 temp_uart_buffer[TEMP_BUFFER_SIZE]; // 数据存放数组
    4          
    5          void main()
    6          {
    7   1              clock_init(SYSTEM_CLOCK_30M);
    8   1              debug_init();
    9   1              interrupt_global_disable(); // 全局中断禁用
   10   1              // 此处编写用户代码 例如外设初始化代码等
   11   1              ALL_init();
   12   1              // gpio_init(IO_P33, GPO, 0, GPO_PUSH_PULL);
   13   1              //  初始化无线转串口
   14   1              //  此处编写用户代码 例如外设初始化代码等
   15   1              PID_Init(&left_spid, 0.2, 0.0069f, 0, SPEED_PID_MAX_OUT, SPEED_PID_MAX_I);
   16   1              PID_Init(&right_spid, 0.2, 0.00675f , 0, SPEED_PID_MAX_OUT, SPEED_PID_MAX_I);
   17   1              interrupt_global_enable(); // 全局中断使能
   18   1              while (1)
   19   1              {
   20   2                      Motor_SetSpeed(2500, 2500);
   21   2                      // Parameter_Debug(&right_spid.Kp, &right_spid.Ki,&left_spid.Kp,&left_spid.Ki,&left_spid.target, &right
             -_spid.target);
   22   2                      //              ips114_show_int16(64,0,real_right);
   23   2                      //              ips114_show_int16(64,16,real_left);
   24   2                      //              ips114_show_int16(64,32,right_spid.target);
   25   2                      //              ips114_show_int16(64,48,left_spid.target);              // 获取编码器计数                       // 清空编码器计
             -数
   26   2                      //              ips114_show_float(64,64,right_spid.Kp,2,2);
   27   2                      //              ips114_show_float(64,80,right_spid.Ki,2,2);
   28   2                      //              ips114_show_float(64,96,left_spid.Kp,2,2);
   29   2                      //              ips114_show_float(64,112,left_spid.Ki,2,2);
   30   2              }
   31   1      }


Module Information          Static   Overlayable
------------------------------------------------
  code size            =       251     ------
  ecode size           =    ------     ------
  data size            =    ------     ------
  idata size           =    ------     ------
  pdata size           =    ------     ------
  xdata size           =        64     ------
  xdata-const size     =    ------     ------
  edata size           =    ------     ------
  bit size             =    ------     ------
  ebit size            =    ------     ------
  bitaddressable size  =    ------     ------
  ebitaddressable size =    ------     ------
  far data size        =    ------     ------
  huge data size       =    ------     ------
  const size           =    ------     ------
  hconst size          =         2     ------
End of Module Information.


C251 COMPILATION COMPLETE.  0 WARNING(S),  0 ERROR(S)
