C251 COMPILER V5.60.0,  main                                                               01/05/26  19:24:23  PAGE 1   


C251 COMPILER V5.60.0, COMPILATION OF MODULE main
OBJECT MODULE PLACED IN .\out_file\main.obj
COMPILER INVOKED BY: D:\Keil_v5\C251\BIN\C251.EXE ..\user\main.c LARGE NOALIAS WARNINGLEVEL(0) OPTIMIZE(0,SIZE) BROWSE I
                    -NCDIR(..\..\libraries\zf_common;..\..\libraries\zf_components;..\..\libraries\zf_device;..\..\libraries\zf_driver;..\use
                    -r;..\code) DEBUG PRINT(.\out_file\main.lst) OBJECT(.\out_file\main.obj) 

stmt  level    source

    1          #include "zf_common_headfile.h"
    2          int ADC[5]={0};
    3          uint16 state = 0;
    4          void main()
    5          {
    6   1              clock_init(SYSTEM_CLOCK_30M);
    7   1              debug_init();
    8   1              ALL_init();
    9   1              PID_Init(&left_spid,  3.2,0, 0.6f,   0,  SPEED_PID_MAX_OUT, SPEED_PID_MAX_I);
   10   1              PID_Init(&right_spid, 3.0,0,0.6f,   0,  SPEED_PID_MAX_OUT, SPEED_PID_MAX_I);
   11   1              PID_Init(&Turn_PID,   0.20,0.0000785,0,4.05, SPEED_PID_MAX_OUT, SPEED_PID_MAX_I);
   12   1              gpio_init(IO_P77, GPO, GPIO_LOW, GPO_PUSH_PULL);
   13   1              
   14   1              P77=1;
   15   1              system_delay_ms(1);
   16   1              P77=0;
   17   1              system_delay_us(5);
   18   1              P77=1;
   19   1              while (1)
   20   1              {
   21   2                      //system_delay_ms(2000);
   22   2      //              
   23   2                      Element_Control(adc_inductance);
   24   2                      //Inductance_Read(ADC);
   25   2      //              if((state != 1) &&(adc_inductance[4]>=58) && (adc_inductance[1]>=50))
   26   2      //              {
   27   2      //                      EA = 0;
   28   2      //                      Motor_SetSpeed(1500,800);
   29   2      //                      system_delay_ms(50);
   30   2      //                      EA = 1;
   31   2      //                      state = 1;
   32   2      //              }
   33   2              }
   34   1              
   35   1              
   36   1      }


Module Information          Static   Overlayable
------------------------------------------------
  code size            =       409     ------
  ecode size           =    ------     ------
  data size            =    ------     ------
  idata size           =    ------     ------
  pdata size           =    ------     ------
  xdata size           =        12     ------
  xdata-const size     =    ------     ------
  edata size           =    ------     ------
  bit size             =    ------     ------
  ebit size            =    ------     ------
  bitaddressable size  =    ------     ------
  ebitaddressable size =    ------     ------
  far data size        =    ------     ------
  huge data size       =    ------     ------
  const size           =    ------     ------
  hconst size          =        24     ------
End of Module Information.


C251 COMPILATION COMPLETE.  0 WARNING(S),  0 ERROR(S)
