C251 COMPILER V5.60.0,  zf_driver_delay                                                    19/05/26  19:24:57  PAGE 1   


C251 COMPILER V5.60.0, COMPILATION OF MODULE zf_driver_delay
OBJECT MODULE PLACED IN .\out_file\zf_driver_delay.obj
COMPILER INVOKED BY: E:\keil_v5\C251\BIN\C251.EXE ..\..\libraries\zf_driver\zf_driver_delay.c LARGE NOALIAS WARNINGLEVEL
                    -(0) OPTIMIZE(0,SIZE) BROWSE INCDIR(..\..\libraries\zf_common;..\..\libraries\zf_components;..\..\libraries\zf_device;..\
                    -..\libraries\zf_driver;..\user;..\code) DEBUG PRINT(.\out_file\zf_driver_delay.lst) OBJECT(.\out_file\zf_driver_delay.ob
                    -j) 

stmt  level    source

    1          #include "zf_common_clock.h"
    2          #include "zf_driver_delay.h"
    3          
    4          
    5          static vuint16 zf_delay_1ms = 0;
    6          static vuint16 zf_delay_1us = 0;
    7          
    8          // 内部使用的高精度延时函数
    9          static void delay_cycles(uint16 cycles)
   10          {
   11   1          // 循环体执行一次需要3个时钟周期（DEC、JNZ、NOP）
   12   1          while(cycles-- > 0)
   13   1          {
   14   2              ;
   15   2          }
   16   1      }
   17          
   18          //-------------------------------------------------------------------------------------------------------
             -------------
   19          //  @brief      软件延时函数初始化
   20          //  @param      NULL
   21          //  @return     void
   22          //  Sample usage:               无需用户调用，用户请使用h文件中的宏定义
   23          //-------------------------------------------------------------------------------------------------------
             -------------
   24          void system_delay_init(void)
   25          {
   26   1              zf_delay_1ms = system_clock / 6000;
   27   1              zf_delay_1us = system_clock / 7000000;
   28   1              if(system_clock <= 12000000) zf_delay_1us++;
   29   1      }
   30          
   31          //-------------------------------------------------------------------------------------------------------
             -------------
   32          //  @brief      延时函数
   33          //  @param      ms              需要延时的时间（ms）
   34          //  @return     void
   35          //  Sample usage:               无需用户调用，用户请使用h文件中的宏定义
   36          //-------------------------------------------------------------------------------------------------------
             -------------
   37          void system_delay_ms(uint16 ms)
   38          {
   39   1              do 
   40   1              {
   41   2                      delay_cycles(zf_delay_1ms);
   42   2              }while(--ms);
   43   1      }
   44          
   45          //-------------------------------------------------------------------------------------------------------
             -------------
   46          //  @brief      延时函数
   47          //  @param      us              需要延时的时间（us）
   48          //  @return     void
   49          //  Sample usage:               这是一个不太准的函数
   50          //-------------------------------------------------------------------------------------------------------
             -------------
C251 COMPILER V5.60.0,  zf_driver_delay                                                    19/05/26  19:24:57  PAGE 2   

   51          void system_delay_us(uint16 us)
   52          {
   53   1              do 
   54   1              {
   55   2                      delay_cycles(zf_delay_1us);
   56   2              }while(--us);
   57   1      }


Module Information          Static   Overlayable
------------------------------------------------
  code size            =       192     ------
  ecode size           =    ------     ------
  data size            =    ------     ------
  idata size           =    ------     ------
  pdata size           =    ------     ------
  xdata size           =        10     ------
  xdata-const size     =    ------     ------
  edata size           =    ------     ------
  bit size             =    ------     ------
  ebit size            =    ------     ------
  bitaddressable size  =    ------     ------
  ebitaddressable size =    ------     ------
  far data size        =    ------     ------
  huge data size       =    ------     ------
  const size           =    ------     ------
  hconst size          =        14     ------
End of Module Information.


C251 COMPILATION COMPLETE.  0 WARNING(S),  0 ERROR(S)
